// Jest Snapshot v1, https://goo.gl/fbAQLP

exports[`Play: Probability Engine results check if probability distribution matches 1`] = `
Array [
  0.517883,
  0.48211800000000005,
  0.925609,
  0.925609,
  0.666667,
  0.40772600000000003,
  0.925609,
  0.37053,
  0.258942,
  0.37053,
  0.37053,
  0.925609,
  0.543157,
]
`;
