// Jest Snapshot v1, https://goo.gl/fbAQLP

exports[`BoardStateDto getUnrevealedArea on a disposition with a single exposed tile 1`] = `
AreaDto {
  "area": LocationSetDto {
    "data": Array [
      LocationDto {
        "x": 0,
        "y": 1,
      },
      LocationDto {
        "x": 1,
        "y": 1,
      },
      LocationDto {
        "x": 1,
        "y": 2,
      },
    ],
  },
}
`;
