// Jest Snapshot v1, https://goo.gl/fbAQLP

exports[`BoardStateService check how computes filled board 1`] = `
BoardStateDto {
  "action": Array [
    Array [
      undefined,
      undefined,
      undefined,
    ],
    Array [
      undefined,
      undefined,
      undefined,
    ],
    Array [
      undefined,
      undefined,
      undefined,
    ],
  ],
  "actionList": Array [],
  "adjFlagsConfirmed": Array [
    Array [
      0,
      0,
      0,
    ],
    Array [
      0,
      0,
      0,
    ],
    Array [
      0,
      0,
      0,
    ],
  ],
  "adjFlagsOnBoard": Array [
    Array [
      0,
      0,
      0,
    ],
    Array [
      0,
      0,
      0,
    ],
    Array [
      0,
      0,
      0,
    ],
  ],
  "adjUnrevealed": Array [
    Array [
      1,
      4,
      2,
    ],
    Array [
      3,
      5,
      4,
    ],
    Array [
      2,
      3,
      3,
    ],
  ],
  "adjacentLocations1": Array [
    Array [
      undefined,
      undefined,
      undefined,
    ],
    Array [
      undefined,
      undefined,
      undefined,
    ],
    Array [
      undefined,
      undefined,
      undefined,
    ],
  ],
  "board": Array [
    Array [
      -1,
      1,
      -1,
    ],
    Array [
      2,
      -1,
      -1,
    ],
    Array [
      2,
      -1,
      -1,
    ],
  ],
  "chordLocations": Array [],
  "expectedTotalMines": 3,
  "flagConfirmed": Array [
    Array [
      false,
      false,
      false,
    ],
    Array [
      false,
      false,
      false,
    ],
    Array [
      false,
      false,
      false,
    ],
  ],
  "flagOnBoard": Array [
    Array [
      false,
      false,
      false,
    ],
    Array [
      false,
      false,
      false,
    ],
    Array [
      false,
      false,
      false,
    ],
  ],
  "height": 3,
  "livingWitnesses": LocationSetDto {
    "data": Array [
      LocationDto {
        "x": 1,
        "y": 0,
      },
      LocationDto {
        "x": 0,
        "y": 1,
      },
      LocationDto {
        "x": 0,
        "y": 2,
      },
    ],
  },
  "numOfHidden": 6,
  "revealed": Array [
    Array [
      false,
      true,
      false,
    ],
    Array [
      true,
      false,
      false,
    ],
    Array [
      true,
      false,
      false,
    ],
  ],
  "totalFlags": 0,
  "totalFlagsConfirmed": 0,
  "width": 3,
}
`;
