// Jest Snapshot v1, https://goo.gl/fbAQLP

exports[`DeadLocationsService test if finds on a disposition 1`] = `
AreaDto {
  "area": LocationSetDto {
    "data": Array [
      LocationDto {
        "x": 0,
        "y": 0,
      },
      LocationDto {
        "x": 1,
        "y": 0,
      },
      LocationDto {
        "x": 2,
        "y": 0,
      },
      LocationDto {
        "x": 0,
        "y": 1,
      },
      LocationDto {
        "x": 2,
        "y": 1,
      },
      LocationDto {
        "x": 0,
        "y": 2,
      },
      LocationDto {
        "x": 1,
        "y": 2,
      },
      LocationDto {
        "x": 2,
        "y": 2,
      },
    ],
  },
  "readOnlyArea": LocationSetDto {
    "data": Array [
      LocationDto {
        "x": 0,
        "y": 0,
      },
      LocationDto {
        "x": 1,
        "y": 0,
      },
      LocationDto {
        "x": 2,
        "y": 0,
      },
      LocationDto {
        "x": 0,
        "y": 1,
      },
      LocationDto {
        "x": 2,
        "y": 1,
      },
      LocationDto {
        "x": 0,
        "y": 2,
      },
      LocationDto {
        "x": 1,
        "y": 2,
      },
      LocationDto {
        "x": 2,
        "y": 2,
      },
    ],
  },
}
`;
