// Jest Snapshot v1, https://goo.gl/fbAQLP

exports[`BoardStateComputation check how computes empty board 1`] = `
BoardStateDto {
  "action": Array [
    Array [
      undefined,
      undefined,
      undefined,
    ],
    Array [
      undefined,
      undefined,
      undefined,
    ],
    Array [
      undefined,
      undefined,
      undefined,
    ],
  ],
  "actionList": Array [],
  "adjFlagsOnBoard": Array [
    Array [
      0,
      0,
      0,
    ],
    Array [
      0,
      0,
      0,
    ],
    Array [
      0,
      0,
      0,
    ],
  ],
  "adjUnrevealed": Array [
    Array [
      3,
      5,
      3,
    ],
    Array [
      5,
      8,
      5,
    ],
    Array [
      3,
      5,
      3,
    ],
  ],
  "board": Array [
    Array [
      -1,
      -1,
      -1,
    ],
    Array [
      -1,
      -1,
      -1,
    ],
    Array [
      -1,
      -1,
      -1,
    ],
  ],
  "flagConfirmed": Array [
    Array [
      false,
      false,
      false,
    ],
    Array [
      false,
      false,
      false,
    ],
    Array [
      false,
      false,
      false,
    ],
  ],
  "flagOnBoard": Array [
    Array [
      false,
      false,
      false,
    ],
    Array [
      false,
      false,
      false,
    ],
    Array [
      false,
      false,
      false,
    ],
  ],
  "height": 3,
  "livingWitnesses": Array [],
  "numOfHidden": 9,
  "revealed": Array [
    Array [
      false,
      false,
      false,
    ],
    Array [
      false,
      false,
      false,
    ],
    Array [
      false,
      false,
      false,
    ],
  ],
  "totalFlags": 0,
  "totalFlagsConfirmed": 0,
  "width": 3,
}
`;
