// Jest Snapshot v1, https://goo.gl/fbAQLP

exports[`Play: Probability Engine results check if probability distribution matches 1`] = `
Array [
  0.860618,
  0.13938300000000003,
  0.909021,
  0.678659,
  0.41232199999999997,
  0.769638,
  0.892887,
]
`;
